Autosar/Mcal/Gpt/include/Ftm_Gpt_Ip.h:239:23:Ftm_Gpt_Ip_GetChInterruptStatusFlag	8	static
Autosar/Mcal/Gpt/include/Ftm_Gpt_Ip.h:254:22:Ftm_Gpt_Ip_GetCntValue	8	static
Autosar/Mcal/Gpt/include/Ftm_Gpt_Ip.h:271:22:Ftm_Gpt_Ip_GetCompareValue	8	static
Autosar/Mcal/Gpt/src/Gpt_Ipw.c:140:22:Gpt_Ipw_FtmGetTimeElapsed	32	static
Autosar/Mcal/Gpt/src/Gpt_Ipw.c:312:6:Gpt_Ipw_InitInstances	24	static
Autosar/Mcal/Gpt/src/Gpt_Ipw.c:372:6:Gpt_Ipw_Init	16	static
Autosar/Mcal/Gpt/src/Gpt_Ipw.c:429:16:Gpt_Ipw_StartTimer	24	static
Autosar/Mcal/Gpt/src/Gpt_Ipw.c:497:15:Gpt_Ipw_GetTimeElapsed	24	static
Autosar/Mcal/Gpt/src/Gpt_Ipw.c:553:6:Gpt_Ipw_StopTimer	16	static
Autosar/Mcal/Gpt/src/Gpt_Ipw.c:607:6:Gpt_Ipw_EnableInterrupt	8	static
Autosar/Mcal/Gpt/src/Gpt_Ipw.c:658:6:Gpt_Ipw_DeInit	16	static
Autosar/Mcal/Gpt/src/Gpt_Ipw.c:709:6:Gpt_Ipw_DisableInterrupt	8	static
