Autosar/Bfx/Bfx_32bits.h:23:20:Bfx_SetBit_u32u8	8	static
Autosar/Bfx/Bfx_32bits.h:36:20:Bfx_ClrBit_u32u8	8	static
Autosar/Bfx/Bfx_32bits.h:49:23:Bfx_GetBit_u32u8_u8	16	static
Autosar/Bfx/Bfx_32bits.h:323:20:Bfx_PutBit_u32u8u8	8	static
Autosar/Os/src/Scheduler.c:19:6:MemCopy	32	static
Autosar/Os/src/Scheduler.c:36:6:Scheduler_InitQueue	24	static
Autosar/Os/src/Scheduler.c:59:7:Scheduler_GetStatusQueue	24	static
Autosar/Os/src/Scheduler.c:100:16:Scheduler_FlushQueue	24	static
Autosar/Os/src/Scheduler.c:144:16:Scheduler_WriteQueue	32	static
Autosar/Os/src/Scheduler.c:212:16:Scheduler_ReadQueue	32	static
Autosar/Os/src/Scheduler.c:270:16:Scheduler_Init	24	static
Autosar/Os/src/Scheduler.c:315:16:Scheduler_StopTask	24	static
Autosar/Os/src/Scheduler.c:346:16:Scheduler_StartTask	24	static
Autosar/Os/src/Scheduler.c:378:16:Scheduler_PeriodTask	24	static
Autosar/Os/src/Scheduler.c:421:16:Scheduler_StartTimer	24	static
Autosar/Os/src/Scheduler.c:458:16:Scheduler_StopTimer	24	static
Autosar/Os/src/Scheduler.c:489:8:Scheduler_GetTimer	24	static
Autosar/Os/src/Scheduler.c:524:16:Scheduler_ReloadTimer	24	static
Autosar/Os/src/Scheduler.c:567:6:Scheduler_MainFunction	24	static
