Autosar/Bfx/Bfx_32bits.h:23:20:Bfx_SetBit_u32u8	8	static
Autosar/Bfx/Bfx_32bits.h:36:20:Bfx_ClrBit_u32u8	8	static
Autosar/Bfx/Bfx_32bits.h:49:23:Bfx_GetBit_u32u8_u8	16	static
Autosar/Os/src/scheduler_t.c:32:9:Sched_initScheduler	24	static
Autosar/Os/src/scheduler_t.c:86:9:Sched_initBuffer	16	static
Autosar/Os/src/scheduler_t.c:123:9:Sched_confirmTask_register	16	static
Autosar/Os/src/scheduler_t.c:174:9:Sched_registerTask	32	static
Autosar/Os/src/scheduler_t.c:240:9:Sched_stopTask	24	static
Autosar/Os/src/scheduler_t.c:276:9:Sched_startTask	24	static
Autosar/Os/src/scheduler_t.c:314:9:Sched_periodTask	32	static
Autosar/Os/src/scheduler_t.c:360:9:Sched_verifyTask_firstexe	24	static
Autosar/Os/src/scheduler_t.c:403:9:Sched_confirmTimer_register	16	static
Autosar/Os/src/scheduler_t.c:453:9:Sched_registerTimer	32	static
Autosar/Os/src/scheduler_t.c:519:9:Sched_startTimer	24	static
Autosar/Os/src/scheduler_t.c:561:9:Sched_stopTimer	24	static
Autosar/Os/src/scheduler_t.c:597:10:Sched_getTimer	24	static
Autosar/Os/src/scheduler_t.c:637:9:Sched_reloadTimer	32	static
Autosar/Os/src/scheduler_t.c:684:6:Sched_startScheduler	40	static
