Autosar/Bfx/Bfx_32bits.h:23:20:Bfx_SetBit_u32u8	8	static
Autosar/Bfx/Bfx_32bits.h:36:20:Bfx_ClrBit_u32u8	8	static
Autosar/Bfx/Bfx_32bits.h:49:23:Bfx_GetBit_u32u8_u8	16	static
Autosar/Bfx/Bfx_32bits.h:323:20:Bfx_PutBit_u32u8u8	8	static
Autosar/Os/src/Scheduler.c:25:16:Scheduler_Init	24	static
Autosar/Os/src/Scheduler.c:58:16:Scheduler_StopTask	24	static
Autosar/Os/src/Scheduler.c:86:16:Scheduler_StartTask	24	static
Autosar/Os/src/Scheduler.c:115:16:Scheduler_PeriodTask	16	static
Autosar/Os/src/Scheduler.c:152:16:Scheduler_StartTimer	24	static
Autosar/Os/src/Scheduler.c:186:16:Scheduler_StopTimer	24	static
Autosar/Os/src/Scheduler.c:214:8:Scheduler_GetTimer	16	static
Autosar/Os/src/Scheduler.c:246:16:Scheduler_ReloadTimer	24	static
Autosar/Os/src/Scheduler.c:283:6:Scheduler_MainFunction	24	static
